// Jest Snapshot v1, https://goo.gl/fbAQLP

exports[`Header component should render correctly 1`] = `
<div>
  <div
    class="flex h-12 items-center gap-2 border-b border-solid border-b-black px-2"
  >
    <svg
      class="block cursor-pointer md:hidden"
      data-cy="navigation-toggle-handler"
      fill="none"
      height="20"
      stroke="currentColor"
      stroke-linecap="round"
      stroke-linejoin="round"
      stroke-width="2"
      viewBox="0 0 24 24"
      width="20"
      xmlns="http://www.w3.org/2000/svg"
    >
      <line
        x1="3"
        x2="21"
        y1="12"
        y2="12"
      />
      <line
        x1="3"
        x2="21"
        y1="6"
        y2="6"
      />
      <line
        x1="3"
        x2="21"
        y1="18"
        y2="18"
      />
    </svg>
    <div
      class="text-2xl font-extrabold"
    >
      Header
    </div>
  </div>
</div>
`;
